// Jest Snapshot v1, https://goo.gl/fbAQLP

exports[`TheFooter.vue renders correctly 1`] = `
<cfooter-stub
  tag="footer"
/>
`;
